EEEEEE....                                                               [100%]
=================================== ERRORS ====================================
___________ ERROR at setup of test_auth_me_and_missions_happy_path ____________

self = <sqlalchemy.engine.base.Connection object at 0x000001EAFF2A2000>
engine = Engine(postgresql+psycopg2://postgres:***@localhost:5432/droneims)
connection = None, _has_events = None, _allow_revalidate = True
_allow_autobegin = True

    def __init__(
        self,
        engine: Engine,
        connection: Optional[PoolProxiedConnection] = None,
        _has_events: Optional[bool] = None,
        _allow_revalidate: bool = True,
        _allow_autobegin: bool = True,
    ):
        """Construct a new Connection."""
        self.engine = engine
        self.dialect = dialect = engine.dialect
    
        if connection is None:
            try:
>               self._dbapi_connection = engine.raw_connection()
                                         ^^^^^^^^^^^^^^^^^^^^^^^

..\..\AppData\Local\Programs\Python\Python312\Lib\site-packages\sqlalchemy\engine\base.py:143: 
_ _ _ _ _ _ _ _ _ _ _ _ _ _ _ _ _ _ _ _ _ _ _ _ _ _ _ _ _ _ _ _ _ _ _ _ _ _ _ _
..\..\AppData\Local\Programs\Python\Python312\Lib\site-packages\sqlalchemy\engine\base.py:3309: in raw_connection
    return self.pool.connect()
           ^^^^^^^^^^^^^^^^^^^
..\..\AppData\Local\Programs\Python\Python312\Lib\site-packages\sqlalchemy\pool\base.py:447: in connect
    return _ConnectionFairy._checkout(self)
           ^^^^^^^^^^^^^^^^^^^^^^^^^^^^^^^^
..\..\AppData\Local\Programs\Python\Python312\Lib\site-packages\sqlalchemy\pool\base.py:1264: in _checkout
    fairy = _ConnectionRecord.checkout(pool)
            ^^^^^^^^^^^^^^^^^^^^^^^^^^^^^^^^
..\..\AppData\Local\Programs\Python\Python312\Lib\site-packages\sqlalchemy\pool\base.py:711: in checkout
    rec = pool._do_get()
          ^^^^^^^^^^^^^^
..\..\AppData\Local\Programs\Python\Python312\Lib\site-packages\sqlalchemy\pool\impl.py:306: in _do_get
    return self._create_connection()
           ^^^^^^^^^^^^^^^^^^^^^^^^^
..\..\AppData\Local\Programs\Python\Python312\Lib\site-packages\sqlalchemy\pool\base.py:388: in _create_connection
    return _ConnectionRecord(self)
           ^^^^^^^^^^^^^^^^^^^^^^^
..\..\AppData\Local\Programs\Python\Python312\Lib\site-packages\sqlalchemy\pool\base.py:673: in __init__
    self.__connect()
..\..\AppData\Local\Programs\Python\Python312\Lib\site-packages\sqlalchemy\pool\base.py:899: in __connect
    with util.safe_reraise():
         ^^^^^^^^^^^^^^^^^^^
..\..\AppData\Local\Programs\Python\Python312\Lib\site-packages\sqlalchemy\util\langhelpers.py:224: in __exit__
    raise exc_value.with_traceback(exc_tb)
..\..\AppData\Local\Programs\Python\Python312\Lib\site-packages\sqlalchemy\pool\base.py:895: in __connect
    self.dbapi_connection = connection = pool._invoke_creator(self)
                                         ^^^^^^^^^^^^^^^^^^^^^^^^^^
..\..\AppData\Local\Programs\Python\Python312\Lib\site-packages\sqlalchemy\engine\create.py:661: in connect
    return dialect.connect(*cargs, **cparams)
           ^^^^^^^^^^^^^^^^^^^^^^^^^^^^^^^^^^
..\..\AppData\Local\Programs\Python\Python312\Lib\site-packages\sqlalchemy\engine\default.py:630: in connect
    return self.loaded_dbapi.connect(*cargs, **cparams)  # type: ignore[no-any-return]  # NOQA: E501
           ^^^^^^^^^^^^^^^^^^^^^^^^^^^^^^^^^^^^^^^^^^^^
_ _ _ _ _ _ _ _ _ _ _ _ _ _ _ _ _ _ _ _ _ _ _ _ _ _ _ _ _ _ _ _ _ _ _ _ _ _ _ _

dsn = 'host=localhost dbname=droneims user=postgres password=postgres port=5432'
connection_factory = None, cursor_factory = None
kwargs = {'dbname': 'droneims', 'host': 'localhost', 'password': 'postgres', 'port': 5432, ...}
kwasync = {}

    def connect(dsn=None, connection_factory=None, cursor_factory=None, **kwargs):
        """
        Create a new database connection.
    
        The connection parameters can be specified as a string:
    
            conn = psycopg2.connect("dbname=test user=postgres password=secret")
    
        or using a set of keyword arguments:
    
            conn = psycopg2.connect(database="test", user="postgres", password="secret")
    
        Or as a mix of both. The basic connection parameters are:
    
        - *dbname*: the database name
        - *database*: the database name (only as keyword argument)
        - *user*: user name used to authenticate
        - *password*: password used to authenticate
        - *host*: database host address (defaults to UNIX socket if not provided)
        - *port*: connection port number (defaults to 5432 if not provided)
    
        Using the *connection_factory* parameter a different class or connections
        factory can be specified. It should be a callable object taking a dsn
        argument.
    
        Using the *cursor_factory* parameter, a new default cursor factory will be
        used by cursor().
    
        Using *async*=True an asynchronous connection will be created. *async_* is
        a valid alias (for Python versions where ``async`` is a keyword).
    
        Any other keyword parameter will be passed to the underlying client
        library: the list of supported parameters depends on the library version.
    
        """
        kwasync = {}
        if 'async' in kwargs:
            kwasync['async'] = kwargs.pop('async')
        if 'async_' in kwargs:
            kwasync['async_'] = kwargs.pop('async_')
    
        dsn = _ext.make_dsn(dsn, **kwargs)
>       conn = _connect(dsn, connection_factory=connection_factory, **kwasync)
               ^^^^^^^^^^^^^^^^^^^^^^^^^^^^^^^^^^^^^^^^^^^^^^^^^^^^^^^^^^^^^^^
E       psycopg2.OperationalError: connection to server at "localhost" (::1), port 5432 failed: Connection refused (0x0000274D/10061)
E       	Is the server running on that host and accepting TCP/IP connections?
E       connection to server at "localhost" (127.0.0.1), port 5432 failed: Connection refused (0x0000274D/10061)
E       	Is the server running on that host and accepting TCP/IP connections?

..\..\AppData\Local\Programs\Python\Python312\Lib\site-packages\psycopg2\__init__.py:122: OperationalError

The above exception was the direct cause of the following exception:

self = <Coroutine test_auth_me_and_missions_happy_path>

    def setup(self) -> None:
        runner_fixture_id = f"_{self._loop_scope}_scoped_runner"
        if runner_fixture_id not in self.fixturenames:
            self.fixturenames.append(runner_fixture_id)
>       return super().setup()
               ^^^^^^^^^^^^^^^

..\..\AppData\Local\Programs\Python\Python312\Lib\site-packages\pytest_asyncio\plugin.py:458: 
_ _ _ _ _ _ _ _ _ _ _ _ _ _ _ _ _ _ _ _ _ _ _ _ _ _ _ _ _ _ _ _ _ _ _ _ _ _ _ _
..\..\AppData\Local\Programs\Python\Python312\Lib\site-packages\pytest_asyncio\plugin.py:730: in pytest_fixture_setup
    return (yield)
            ^^^^^
tests\conftest.py:22: in _migrate_db
    command.upgrade(cfg, "head")
..\..\AppData\Local\Programs\Python\Python312\Lib\site-packages\alembic\command.py:483: in upgrade
    script.run_env()
..\..\AppData\Local\Programs\Python\Python312\Lib\site-packages\alembic\script\base.py:545: in run_env
    util.load_python_file(self.dir, "env.py")
..\..\AppData\Local\Programs\Python\Python312\Lib\site-packages\alembic\util\pyfiles.py:116: in load_python_file
    module = load_module_py(module_id, path)
             ^^^^^^^^^^^^^^^^^^^^^^^^^^^^^^^
..\..\AppData\Local\Programs\Python\Python312\Lib\site-packages\alembic\util\pyfiles.py:136: in load_module_py
    spec.loader.exec_module(module)  # type: ignore
    ^^^^^^^^^^^^^^^^^^^^^^^^^^^^^^^
alembic\env.py:68: in <module>
    run_migrations_online()
alembic\env.py:59: in run_migrations_online
    with connectable.connect() as connection:
         ^^^^^^^^^^^^^^^^^^^^^
..\..\AppData\Local\Programs\Python\Python312\Lib\site-packages\sqlalchemy\engine\base.py:3285: in connect
    return self._connection_cls(self)
           ^^^^^^^^^^^^^^^^^^^^^^^^^^
..\..\AppData\Local\Programs\Python\Python312\Lib\site-packages\sqlalchemy\engine\base.py:145: in __init__
    Connection._handle_dbapi_exception_noconnection(
..\..\AppData\Local\Programs\Python\Python312\Lib\site-packages\sqlalchemy\engine\base.py:2448: in _handle_dbapi_exception_noconnection
    raise sqlalchemy_exception.with_traceback(exc_info[2]) from e
..\..\AppData\Local\Programs\Python\Python312\Lib\site-packages\sqlalchemy\engine\base.py:143: in __init__
    self._dbapi_connection = engine.raw_connection()
                             ^^^^^^^^^^^^^^^^^^^^^^^
..\..\AppData\Local\Programs\Python\Python312\Lib\site-packages\sqlalchemy\engine\base.py:3309: in raw_connection
    return self.pool.connect()
           ^^^^^^^^^^^^^^^^^^^
..\..\AppData\Local\Programs\Python\Python312\Lib\site-packages\sqlalchemy\pool\base.py:447: in connect
    return _ConnectionFairy._checkout(self)
           ^^^^^^^^^^^^^^^^^^^^^^^^^^^^^^^^
..\..\AppData\Local\Programs\Python\Python312\Lib\site-packages\sqlalchemy\pool\base.py:1264: in _checkout
    fairy = _ConnectionRecord.checkout(pool)
            ^^^^^^^^^^^^^^^^^^^^^^^^^^^^^^^^
..\..\AppData\Local\Programs\Python\Python312\Lib\site-packages\sqlalchemy\pool\base.py:711: in checkout
    rec = pool._do_get()
          ^^^^^^^^^^^^^^
..\..\AppData\Local\Programs\Python\Python312\Lib\site-packages\sqlalchemy\pool\impl.py:306: in _do_get
    return self._create_connection()
           ^^^^^^^^^^^^^^^^^^^^^^^^^
..\..\AppData\Local\Programs\Python\Python312\Lib\site-packages\sqlalchemy\pool\base.py:388: in _create_connection
    return _ConnectionRecord(self)
           ^^^^^^^^^^^^^^^^^^^^^^^
..\..\AppData\Local\Programs\Python\Python312\Lib\site-packages\sqlalchemy\pool\base.py:673: in __init__
    self.__connect()
..\..\AppData\Local\Programs\Python\Python312\Lib\site-packages\sqlalchemy\pool\base.py:899: in __connect
    with util.safe_reraise():
         ^^^^^^^^^^^^^^^^^^^
..\..\AppData\Local\Programs\Python\Python312\Lib\site-packages\sqlalchemy\util\langhelpers.py:224: in __exit__
    raise exc_value.with_traceback(exc_tb)
..\..\AppData\Local\Programs\Python\Python312\Lib\site-packages\sqlalchemy\pool\base.py:895: in __connect
    self.dbapi_connection = connection = pool._invoke_creator(self)
                                         ^^^^^^^^^^^^^^^^^^^^^^^^^^
..\..\AppData\Local\Programs\Python\Python312\Lib\site-packages\sqlalchemy\engine\create.py:661: in connect
    return dialect.connect(*cargs, **cparams)
           ^^^^^^^^^^^^^^^^^^^^^^^^^^^^^^^^^^
..\..\AppData\Local\Programs\Python\Python312\Lib\site-packages\sqlalchemy\engine\default.py:630: in connect
    return self.loaded_dbapi.connect(*cargs, **cparams)  # type: ignore[no-any-return]  # NOQA: E501
           ^^^^^^^^^^^^^^^^^^^^^^^^^^^^^^^^^^^^^^^^^^^^
_ _ _ _ _ _ _ _ _ _ _ _ _ _ _ _ _ _ _ _ _ _ _ _ _ _ _ _ _ _ _ _ _ _ _ _ _ _ _ _

dsn = 'host=localhost dbname=droneims user=postgres password=postgres port=5432'
connection_factory = None, cursor_factory = None
kwargs = {'dbname': 'droneims', 'host': 'localhost', 'password': 'postgres', 'port': 5432, ...}
kwasync = {}

    def connect(dsn=None, connection_factory=None, cursor_factory=None, **kwargs):
        """
        Create a new database connection.
    
        The connection parameters can be specified as a string:
    
            conn = psycopg2.connect("dbname=test user=postgres password=secret")
    
        or using a set of keyword arguments:
    
            conn = psycopg2.connect(database="test", user="postgres", password="secret")
    
        Or as a mix of both. The basic connection parameters are:
    
        - *dbname*: the database name
        - *database*: the database name (only as keyword argument)
        - *user*: user name used to authenticate
        - *password*: password used to authenticate
        - *host*: database host address (defaults to UNIX socket if not provided)
        - *port*: connection port number (defaults to 5432 if not provided)
    
        Using the *connection_factory* parameter a different class or connections
        factory can be specified. It should be a callable object taking a dsn
        argument.
    
        Using the *cursor_factory* parameter, a new default cursor factory will be
        used by cursor().
    
        Using *async*=True an asynchronous connection will be created. *async_* is
        a valid alias (for Python versions where ``async`` is a keyword).
    
        Any other keyword parameter will be passed to the underlying client
        library: the list of supported parameters depends on the library version.
    
        """
        kwasync = {}
        if 'async' in kwargs:
            kwasync['async'] = kwargs.pop('async')
        if 'async_' in kwargs:
            kwasync['async_'] = kwargs.pop('async_')
    
        dsn = _ext.make_dsn(dsn, **kwargs)
>       conn = _connect(dsn, connection_factory=connection_factory, **kwasync)
               ^^^^^^^^^^^^^^^^^^^^^^^^^^^^^^^^^^^^^^^^^^^^^^^^^^^^^^^^^^^^^^^
E       sqlalchemy.exc.OperationalError: (psycopg2.OperationalError) connection to server at "localhost" (::1), port 5432 failed: Connection refused (0x0000274D/10061)
E       	Is the server running on that host and accepting TCP/IP connections?
E       connection to server at "localhost" (127.0.0.1), port 5432 failed: Connection refused (0x0000274D/10061)
E       	Is the server running on that host and accepting TCP/IP connections?
E       
E       (Background on this error at: https://sqlalche.me/e/20/e3q8)

..\..\AppData\Local\Programs\Python\Python312\Lib\site-packages\psycopg2\__init__.py:122: OperationalError
______________________ ERROR at setup of test_health_ok _______________________

self = <sqlalchemy.engine.base.Connection object at 0x000001EAFF2A2000>
engine = Engine(postgresql+psycopg2://postgres:***@localhost:5432/droneims)
connection = None, _has_events = None, _allow_revalidate = True
_allow_autobegin = True

    def __init__(
        self,
        engine: Engine,
        connection: Optional[PoolProxiedConnection] = None,
        _has_events: Optional[bool] = None,
        _allow_revalidate: bool = True,
        _allow_autobegin: bool = True,
    ):
        """Construct a new Connection."""
        self.engine = engine
        self.dialect = dialect = engine.dialect
    
        if connection is None:
            try:
>               self._dbapi_connection = engine.raw_connection()
                                         ^^^^^^^^^^^^^^^^^^^^^^^

..\..\AppData\Local\Programs\Python\Python312\Lib\site-packages\sqlalchemy\engine\base.py:143: 
_ _ _ _ _ _ _ _ _ _ _ _ _ _ _ _ _ _ _ _ _ _ _ _ _ _ _ _ _ _ _ _ _ _ _ _ _ _ _ _
..\..\AppData\Local\Programs\Python\Python312\Lib\site-packages\sqlalchemy\engine\base.py:3309: in raw_connection
    return self.pool.connect()
           ^^^^^^^^^^^^^^^^^^^
..\..\AppData\Local\Programs\Python\Python312\Lib\site-packages\sqlalchemy\pool\base.py:447: in connect
    return _ConnectionFairy._checkout(self)
           ^^^^^^^^^^^^^^^^^^^^^^^^^^^^^^^^
..\..\AppData\Local\Programs\Python\Python312\Lib\site-packages\sqlalchemy\pool\base.py:1264: in _checkout
    fairy = _ConnectionRecord.checkout(pool)
            ^^^^^^^^^^^^^^^^^^^^^^^^^^^^^^^^
..\..\AppData\Local\Programs\Python\Python312\Lib\site-packages\sqlalchemy\pool\base.py:711: in checkout
    rec = pool._do_get()
          ^^^^^^^^^^^^^^
..\..\AppData\Local\Programs\Python\Python312\Lib\site-packages\sqlalchemy\pool\impl.py:306: in _do_get
    return self._create_connection()
           ^^^^^^^^^^^^^^^^^^^^^^^^^
..\..\AppData\Local\Programs\Python\Python312\Lib\site-packages\sqlalchemy\pool\base.py:388: in _create_connection
    return _ConnectionRecord(self)
           ^^^^^^^^^^^^^^^^^^^^^^^
..\..\AppData\Local\Programs\Python\Python312\Lib\site-packages\sqlalchemy\pool\base.py:673: in __init__
    self.__connect()
..\..\AppData\Local\Programs\Python\Python312\Lib\site-packages\sqlalchemy\pool\base.py:899: in __connect
    with util.safe_reraise():
         ^^^^^^^^^^^^^^^^^^^
..\..\AppData\Local\Programs\Python\Python312\Lib\site-packages\sqlalchemy\util\langhelpers.py:224: in __exit__
    raise exc_value.with_traceback(exc_tb)
..\..\AppData\Local\Programs\Python\Python312\Lib\site-packages\sqlalchemy\pool\base.py:895: in __connect
    self.dbapi_connection = connection = pool._invoke_creator(self)
                                         ^^^^^^^^^^^^^^^^^^^^^^^^^^
..\..\AppData\Local\Programs\Python\Python312\Lib\site-packages\sqlalchemy\engine\create.py:661: in connect
    return dialect.connect(*cargs, **cparams)
           ^^^^^^^^^^^^^^^^^^^^^^^^^^^^^^^^^^
..\..\AppData\Local\Programs\Python\Python312\Lib\site-packages\sqlalchemy\engine\default.py:630: in connect
    return self.loaded_dbapi.connect(*cargs, **cparams)  # type: ignore[no-any-return]  # NOQA: E501
           ^^^^^^^^^^^^^^^^^^^^^^^^^^^^^^^^^^^^^^^^^^^^
_ _ _ _ _ _ _ _ _ _ _ _ _ _ _ _ _ _ _ _ _ _ _ _ _ _ _ _ _ _ _ _ _ _ _ _ _ _ _ _

dsn = 'host=localhost dbname=droneims user=postgres password=postgres port=5432'
connection_factory = None, cursor_factory = None
kwargs = {'dbname': 'droneims', 'host': 'localhost', 'password': 'postgres', 'port': 5432, ...}
kwasync = {}

    def connect(dsn=None, connection_factory=None, cursor_factory=None, **kwargs):
        """
        Create a new database connection.
    
        The connection parameters can be specified as a string:
    
            conn = psycopg2.connect("dbname=test user=postgres password=secret")
    
        or using a set of keyword arguments:
    
            conn = psycopg2.connect(database="test", user="postgres", password="secret")
    
        Or as a mix of both. The basic connection parameters are:
    
        - *dbname*: the database name
        - *database*: the database name (only as keyword argument)
        - *user*: user name used to authenticate
        - *password*: password used to authenticate
        - *host*: database host address (defaults to UNIX socket if not provided)
        - *port*: connection port number (defaults to 5432 if not provided)
    
        Using the *connection_factory* parameter a different class or connections
        factory can be specified. It should be a callable object taking a dsn
        argument.
    
        Using the *cursor_factory* parameter, a new default cursor factory will be
        used by cursor().
    
        Using *async*=True an asynchronous connection will be created. *async_* is
        a valid alias (for Python versions where ``async`` is a keyword).
    
        Any other keyword parameter will be passed to the underlying client
        library: the list of supported parameters depends on the library version.
    
        """
        kwasync = {}
        if 'async' in kwargs:
            kwasync['async'] = kwargs.pop('async')
        if 'async_' in kwargs:
            kwasync['async_'] = kwargs.pop('async_')
    
        dsn = _ext.make_dsn(dsn, **kwargs)
>       conn = _connect(dsn, connection_factory=connection_factory, **kwasync)
               ^^^^^^^^^^^^^^^^^^^^^^^^^^^^^^^^^^^^^^^^^^^^^^^^^^^^^^^^^^^^^^^
E       psycopg2.OperationalError: connection to server at "localhost" (::1), port 5432 failed: Connection refused (0x0000274D/10061)
E       	Is the server running on that host and accepting TCP/IP connections?
E       connection to server at "localhost" (127.0.0.1), port 5432 failed: Connection refused (0x0000274D/10061)
E       	Is the server running on that host and accepting TCP/IP connections?

..\..\AppData\Local\Programs\Python\Python312\Lib\site-packages\psycopg2\__init__.py:122: OperationalError

The above exception was the direct cause of the following exception:

self = <Coroutine test_health_ok>

    def setup(self) -> None:
        runner_fixture_id = f"_{self._loop_scope}_scoped_runner"
        if runner_fixture_id not in self.fixturenames:
            self.fixturenames.append(runner_fixture_id)
>       return super().setup()
               ^^^^^^^^^^^^^^^

..\..\AppData\Local\Programs\Python\Python312\Lib\site-packages\pytest_asyncio\plugin.py:458: 
_ _ _ _ _ _ _ _ _ _ _ _ _ _ _ _ _ _ _ _ _ _ _ _ _ _ _ _ _ _ _ _ _ _ _ _ _ _ _ _
tests\conftest.py:22: in _migrate_db
    command.upgrade(cfg, "head")
..\..\AppData\Local\Programs\Python\Python312\Lib\site-packages\alembic\command.py:483: in upgrade
    script.run_env()
..\..\AppData\Local\Programs\Python\Python312\Lib\site-packages\alembic\script\base.py:545: in run_env
    util.load_python_file(self.dir, "env.py")
..\..\AppData\Local\Programs\Python\Python312\Lib\site-packages\alembic\util\pyfiles.py:116: in load_python_file
    module = load_module_py(module_id, path)
             ^^^^^^^^^^^^^^^^^^^^^^^^^^^^^^^
..\..\AppData\Local\Programs\Python\Python312\Lib\site-packages\alembic\util\pyfiles.py:136: in load_module_py
    spec.loader.exec_module(module)  # type: ignore
    ^^^^^^^^^^^^^^^^^^^^^^^^^^^^^^^
alembic\env.py:68: in <module>
    run_migrations_online()
alembic\env.py:59: in run_migrations_online
    with connectable.connect() as connection:
         ^^^^^^^^^^^^^^^^^^^^^
..\..\AppData\Local\Programs\Python\Python312\Lib\site-packages\sqlalchemy\engine\base.py:3285: in connect
    return self._connection_cls(self)
           ^^^^^^^^^^^^^^^^^^^^^^^^^^
..\..\AppData\Local\Programs\Python\Python312\Lib\site-packages\sqlalchemy\engine\base.py:145: in __init__
    Connection._handle_dbapi_exception_noconnection(
..\..\AppData\Local\Programs\Python\Python312\Lib\site-packages\sqlalchemy\engine\base.py:2448: in _handle_dbapi_exception_noconnection
    raise sqlalchemy_exception.with_traceback(exc_info[2]) from e
..\..\AppData\Local\Programs\Python\Python312\Lib\site-packages\sqlalchemy\engine\base.py:143: in __init__
    self._dbapi_connection = engine.raw_connection()
                             ^^^^^^^^^^^^^^^^^^^^^^^
..\..\AppData\Local\Programs\Python\Python312\Lib\site-packages\sqlalchemy\engine\base.py:3309: in raw_connection
    return self.pool.connect()
           ^^^^^^^^^^^^^^^^^^^
..\..\AppData\Local\Programs\Python\Python312\Lib\site-packages\sqlalchemy\pool\base.py:447: in connect
    return _ConnectionFairy._checkout(self)
           ^^^^^^^^^^^^^^^^^^^^^^^^^^^^^^^^
..\..\AppData\Local\Programs\Python\Python312\Lib\site-packages\sqlalchemy\pool\base.py:1264: in _checkout
    fairy = _ConnectionRecord.checkout(pool)
            ^^^^^^^^^^^^^^^^^^^^^^^^^^^^^^^^
..\..\AppData\Local\Programs\Python\Python312\Lib\site-packages\sqlalchemy\pool\base.py:711: in checkout
    rec = pool._do_get()
          ^^^^^^^^^^^^^^
..\..\AppData\Local\Programs\Python\Python312\Lib\site-packages\sqlalchemy\pool\impl.py:306: in _do_get
    return self._create_connection()
           ^^^^^^^^^^^^^^^^^^^^^^^^^
..\..\AppData\Local\Programs\Python\Python312\Lib\site-packages\sqlalchemy\pool\base.py:388: in _create_connection
    return _ConnectionRecord(self)
           ^^^^^^^^^^^^^^^^^^^^^^^
..\..\AppData\Local\Programs\Python\Python312\Lib\site-packages\sqlalchemy\pool\base.py:673: in __init__
    self.__connect()
..\..\AppData\Local\Programs\Python\Python312\Lib\site-packages\sqlalchemy\pool\base.py:899: in __connect
    with util.safe_reraise():
         ^^^^^^^^^^^^^^^^^^^
..\..\AppData\Local\Programs\Python\Python312\Lib\site-packages\sqlalchemy\util\langhelpers.py:224: in __exit__
    raise exc_value.with_traceback(exc_tb)
..\..\AppData\Local\Programs\Python\Python312\Lib\site-packages\sqlalchemy\pool\base.py:895: in __connect
    self.dbapi_connection = connection = pool._invoke_creator(self)
                                         ^^^^^^^^^^^^^^^^^^^^^^^^^^
..\..\AppData\Local\Programs\Python\Python312\Lib\site-packages\sqlalchemy\engine\create.py:661: in connect
    return dialect.connect(*cargs, **cparams)
           ^^^^^^^^^^^^^^^^^^^^^^^^^^^^^^^^^^
..\..\AppData\Local\Programs\Python\Python312\Lib\site-packages\sqlalchemy\engine\default.py:630: in connect
    return self.loaded_dbapi.connect(*cargs, **cparams)  # type: ignore[no-any-return]  # NOQA: E501
           ^^^^^^^^^^^^^^^^^^^^^^^^^^^^^^^^^^^^^^^^^^^^
_ _ _ _ _ _ _ _ _ _ _ _ _ _ _ _ _ _ _ _ _ _ _ _ _ _ _ _ _ _ _ _ _ _ _ _ _ _ _ _

dsn = 'host=localhost dbname=droneims user=postgres password=postgres port=5432'
connection_factory = None, cursor_factory = None
kwargs = {'dbname': 'droneims', 'host': 'localhost', 'password': 'postgres', 'port': 5432, ...}
kwasync = {}

    def connect(dsn=None, connection_factory=None, cursor_factory=None, **kwargs):
        """
        Create a new database connection.
    
        The connection parameters can be specified as a string:
    
            conn = psycopg2.connect("dbname=test user=postgres password=secret")
    
        or using a set of keyword arguments:
    
            conn = psycopg2.connect(database="test", user="postgres", password="secret")
    
        Or as a mix of both. The basic connection parameters are:
    
        - *dbname*: the database name
        - *database*: the database name (only as keyword argument)
        - *user*: user name used to authenticate
        - *password*: password used to authenticate
        - *host*: database host address (defaults to UNIX socket if not provided)
        - *port*: connection port number (defaults to 5432 if not provided)
    
        Using the *connection_factory* parameter a different class or connections
        factory can be specified. It should be a callable object taking a dsn
        argument.
    
        Using the *cursor_factory* parameter, a new default cursor factory will be
        used by cursor().
    
        Using *async*=True an asynchronous connection will be created. *async_* is
        a valid alias (for Python versions where ``async`` is a keyword).
    
        Any other keyword parameter will be passed to the underlying client
        library: the list of supported parameters depends on the library version.
    
        """
        kwasync = {}
        if 'async' in kwargs:
            kwasync['async'] = kwargs.pop('async')
        if 'async_' in kwargs:
            kwasync['async_'] = kwargs.pop('async_')
    
        dsn = _ext.make_dsn(dsn, **kwargs)
>       conn = _connect(dsn, connection_factory=connection_factory, **kwasync)
               ^^^^^^^^^^^^^^^^^^^^^^^^^^^^^^^^^^^^^^^^^^^^^^^^^^^^^^^^^^^^^^^
E       sqlalchemy.exc.OperationalError: (psycopg2.OperationalError) connection to server at "localhost" (::1), port 5432 failed: Connection refused (0x0000274D/10061)
E       	Is the server running on that host and accepting TCP/IP connections?
E       connection to server at "localhost" (127.0.0.1), port 5432 failed: Connection refused (0x0000274D/10061)
E       	Is the server running on that host and accepting TCP/IP connections?
E       
E       (Background on this error at: https://sqlalche.me/e/20/e3q8)

..\..\AppData\Local\Programs\Python\Python312\Lib\site-packages\psycopg2\__init__.py:122: OperationalError
_______________________ ERROR at setup of test_ready_ok _______________________

self = <sqlalchemy.engine.base.Connection object at 0x000001EAFF2A2000>
engine = Engine(postgresql+psycopg2://postgres:***@localhost:5432/droneims)
connection = None, _has_events = None, _allow_revalidate = True
_allow_autobegin = True

    def __init__(
        self,
        engine: Engine,
        connection: Optional[PoolProxiedConnection] = None,
        _has_events: Optional[bool] = None,
        _allow_revalidate: bool = True,
        _allow_autobegin: bool = True,
    ):
        """Construct a new Connection."""
        self.engine = engine
        self.dialect = dialect = engine.dialect
    
        if connection is None:
            try:
>               self._dbapi_connection = engine.raw_connection()
                                         ^^^^^^^^^^^^^^^^^^^^^^^

..\..\AppData\Local\Programs\Python\Python312\Lib\site-packages\sqlalchemy\engine\base.py:143: 
_ _ _ _ _ _ _ _ _ _ _ _ _ _ _ _ _ _ _ _ _ _ _ _ _ _ _ _ _ _ _ _ _ _ _ _ _ _ _ _
..\..\AppData\Local\Programs\Python\Python312\Lib\site-packages\sqlalchemy\engine\base.py:3309: in raw_connection
    return self.pool.connect()
           ^^^^^^^^^^^^^^^^^^^
..\..\AppData\Local\Programs\Python\Python312\Lib\site-packages\sqlalchemy\pool\base.py:447: in connect
    return _ConnectionFairy._checkout(self)
           ^^^^^^^^^^^^^^^^^^^^^^^^^^^^^^^^
..\..\AppData\Local\Programs\Python\Python312\Lib\site-packages\sqlalchemy\pool\base.py:1264: in _checkout
    fairy = _ConnectionRecord.checkout(pool)
            ^^^^^^^^^^^^^^^^^^^^^^^^^^^^^^^^
..\..\AppData\Local\Programs\Python\Python312\Lib\site-packages\sqlalchemy\pool\base.py:711: in checkout
    rec = pool._do_get()
          ^^^^^^^^^^^^^^
..\..\AppData\Local\Programs\Python\Python312\Lib\site-packages\sqlalchemy\pool\impl.py:306: in _do_get
    return self._create_connection()
           ^^^^^^^^^^^^^^^^^^^^^^^^^
..\..\AppData\Local\Programs\Python\Python312\Lib\site-packages\sqlalchemy\pool\base.py:388: in _create_connection
    return _ConnectionRecord(self)
           ^^^^^^^^^^^^^^^^^^^^^^^
..\..\AppData\Local\Programs\Python\Python312\Lib\site-packages\sqlalchemy\pool\base.py:673: in __init__
    self.__connect()
..\..\AppData\Local\Programs\Python\Python312\Lib\site-packages\sqlalchemy\pool\base.py:899: in __connect
    with util.safe_reraise():
         ^^^^^^^^^^^^^^^^^^^
..\..\AppData\Local\Programs\Python\Python312\Lib\site-packages\sqlalchemy\util\langhelpers.py:224: in __exit__
    raise exc_value.with_traceback(exc_tb)
..\..\AppData\Local\Programs\Python\Python312\Lib\site-packages\sqlalchemy\pool\base.py:895: in __connect
    self.dbapi_connection = connection = pool._invoke_creator(self)
                                         ^^^^^^^^^^^^^^^^^^^^^^^^^^
..\..\AppData\Local\Programs\Python\Python312\Lib\site-packages\sqlalchemy\engine\create.py:661: in connect
    return dialect.connect(*cargs, **cparams)
           ^^^^^^^^^^^^^^^^^^^^^^^^^^^^^^^^^^
..\..\AppData\Local\Programs\Python\Python312\Lib\site-packages\sqlalchemy\engine\default.py:630: in connect
    return self.loaded_dbapi.connect(*cargs, **cparams)  # type: ignore[no-any-return]  # NOQA: E501
           ^^^^^^^^^^^^^^^^^^^^^^^^^^^^^^^^^^^^^^^^^^^^
_ _ _ _ _ _ _ _ _ _ _ _ _ _ _ _ _ _ _ _ _ _ _ _ _ _ _ _ _ _ _ _ _ _ _ _ _ _ _ _

dsn = 'host=localhost dbname=droneims user=postgres password=postgres port=5432'
connection_factory = None, cursor_factory = None
kwargs = {'dbname': 'droneims', 'host': 'localhost', 'password': 'postgres', 'port': 5432, ...}
kwasync = {}

    def connect(dsn=None, connection_factory=None, cursor_factory=None, **kwargs):
        """
        Create a new database connection.
    
        The connection parameters can be specified as a string:
    
            conn = psycopg2.connect("dbname=test user=postgres password=secret")
    
        or using a set of keyword arguments:
    
            conn = psycopg2.connect(database="test", user="postgres", password="secret")
    
        Or as a mix of both. The basic connection parameters are:
    
        - *dbname*: the database name
        - *database*: the database name (only as keyword argument)
        - *user*: user name used to authenticate
        - *password*: password used to authenticate
        - *host*: database host address (defaults to UNIX socket if not provided)
        - *port*: connection port number (defaults to 5432 if not provided)
    
        Using the *connection_factory* parameter a different class or connections
        factory can be specified. It should be a callable object taking a dsn
        argument.
    
        Using the *cursor_factory* parameter, a new default cursor factory will be
        used by cursor().
    
        Using *async*=True an asynchronous connection will be created. *async_* is
        a valid alias (for Python versions where ``async`` is a keyword).
    
        Any other keyword parameter will be passed to the underlying client
        library: the list of supported parameters depends on the library version.
    
        """
        kwasync = {}
        if 'async' in kwargs:
            kwasync['async'] = kwargs.pop('async')
        if 'async_' in kwargs:
            kwasync['async_'] = kwargs.pop('async_')
    
        dsn = _ext.make_dsn(dsn, **kwargs)
>       conn = _connect(dsn, connection_factory=connection_factory, **kwasync)
               ^^^^^^^^^^^^^^^^^^^^^^^^^^^^^^^^^^^^^^^^^^^^^^^^^^^^^^^^^^^^^^^
E       psycopg2.OperationalError: connection to server at "localhost" (::1), port 5432 failed: Connection refused (0x0000274D/10061)
E       	Is the server running on that host and accepting TCP/IP connections?
E       connection to server at "localhost" (127.0.0.1), port 5432 failed: Connection refused (0x0000274D/10061)
E       	Is the server running on that host and accepting TCP/IP connections?

..\..\AppData\Local\Programs\Python\Python312\Lib\site-packages\psycopg2\__init__.py:122: OperationalError

The above exception was the direct cause of the following exception:

self = <Coroutine test_ready_ok>

    def setup(self) -> None:
        runner_fixture_id = f"_{self._loop_scope}_scoped_runner"
        if runner_fixture_id not in self.fixturenames:
            self.fixturenames.append(runner_fixture_id)
>       return super().setup()
               ^^^^^^^^^^^^^^^

..\..\AppData\Local\Programs\Python\Python312\Lib\site-packages\pytest_asyncio\plugin.py:458: 
_ _ _ _ _ _ _ _ _ _ _ _ _ _ _ _ _ _ _ _ _ _ _ _ _ _ _ _ _ _ _ _ _ _ _ _ _ _ _ _
tests\conftest.py:22: in _migrate_db
    command.upgrade(cfg, "head")
..\..\AppData\Local\Programs\Python\Python312\Lib\site-packages\alembic\command.py:483: in upgrade
    script.run_env()
..\..\AppData\Local\Programs\Python\Python312\Lib\site-packages\alembic\script\base.py:545: in run_env
    util.load_python_file(self.dir, "env.py")
..\..\AppData\Local\Programs\Python\Python312\Lib\site-packages\alembic\util\pyfiles.py:116: in load_python_file
    module = load_module_py(module_id, path)
             ^^^^^^^^^^^^^^^^^^^^^^^^^^^^^^^
..\..\AppData\Local\Programs\Python\Python312\Lib\site-packages\alembic\util\pyfiles.py:136: in load_module_py
    spec.loader.exec_module(module)  # type: ignore
    ^^^^^^^^^^^^^^^^^^^^^^^^^^^^^^^
alembic\env.py:68: in <module>
    run_migrations_online()
alembic\env.py:59: in run_migrations_online
    with connectable.connect() as connection:
         ^^^^^^^^^^^^^^^^^^^^^
..\..\AppData\Local\Programs\Python\Python312\Lib\site-packages\sqlalchemy\engine\base.py:3285: in connect
    return self._connection_cls(self)
           ^^^^^^^^^^^^^^^^^^^^^^^^^^
..\..\AppData\Local\Programs\Python\Python312\Lib\site-packages\sqlalchemy\engine\base.py:145: in __init__
    Connection._handle_dbapi_exception_noconnection(
..\..\AppData\Local\Programs\Python\Python312\Lib\site-packages\sqlalchemy\engine\base.py:2448: in _handle_dbapi_exception_noconnection
    raise sqlalchemy_exception.with_traceback(exc_info[2]) from e
..\..\AppData\Local\Programs\Python\Python312\Lib\site-packages\sqlalchemy\engine\base.py:143: in __init__
    self._dbapi_connection = engine.raw_connection()
                             ^^^^^^^^^^^^^^^^^^^^^^^
..\..\AppData\Local\Programs\Python\Python312\Lib\site-packages\sqlalchemy\engine\base.py:3309: in raw_connection
    return self.pool.connect()
           ^^^^^^^^^^^^^^^^^^^
..\..\AppData\Local\Programs\Python\Python312\Lib\site-packages\sqlalchemy\pool\base.py:447: in connect
    return _ConnectionFairy._checkout(self)
           ^^^^^^^^^^^^^^^^^^^^^^^^^^^^^^^^
..\..\AppData\Local\Programs\Python\Python312\Lib\site-packages\sqlalchemy\pool\base.py:1264: in _checkout
    fairy = _ConnectionRecord.checkout(pool)
            ^^^^^^^^^^^^^^^^^^^^^^^^^^^^^^^^
..\..\AppData\Local\Programs\Python\Python312\Lib\site-packages\sqlalchemy\pool\base.py:711: in checkout
    rec = pool._do_get()
          ^^^^^^^^^^^^^^
..\..\AppData\Local\Programs\Python\Python312\Lib\site-packages\sqlalchemy\pool\impl.py:306: in _do_get
    return self._create_connection()
           ^^^^^^^^^^^^^^^^^^^^^^^^^
..\..\AppData\Local\Programs\Python\Python312\Lib\site-packages\sqlalchemy\pool\base.py:388: in _create_connection
    return _ConnectionRecord(self)
           ^^^^^^^^^^^^^^^^^^^^^^^
..\..\AppData\Local\Programs\Python\Python312\Lib\site-packages\sqlalchemy\pool\base.py:673: in __init__
    self.__connect()
..\..\AppData\Local\Programs\Python\Python312\Lib\site-packages\sqlalchemy\pool\base.py:899: in __connect
    with util.safe_reraise():
         ^^^^^^^^^^^^^^^^^^^
..\..\AppData\Local\Programs\Python\Python312\Lib\site-packages\sqlalchemy\util\langhelpers.py:224: in __exit__
    raise exc_value.with_traceback(exc_tb)
..\..\AppData\Local\Programs\Python\Python312\Lib\site-packages\sqlalchemy\pool\base.py:895: in __connect
    self.dbapi_connection = connection = pool._invoke_creator(self)
                                         ^^^^^^^^^^^^^^^^^^^^^^^^^^
..\..\AppData\Local\Programs\Python\Python312\Lib\site-packages\sqlalchemy\engine\create.py:661: in connect
    return dialect.connect(*cargs, **cparams)
           ^^^^^^^^^^^^^^^^^^^^^^^^^^^^^^^^^^
..\..\AppData\Local\Programs\Python\Python312\Lib\site-packages\sqlalchemy\engine\default.py:630: in connect
    return self.loaded_dbapi.connect(*cargs, **cparams)  # type: ignore[no-any-return]  # NOQA: E501
           ^^^^^^^^^^^^^^^^^^^^^^^^^^^^^^^^^^^^^^^^^^^^
_ _ _ _ _ _ _ _ _ _ _ _ _ _ _ _ _ _ _ _ _ _ _ _ _ _ _ _ _ _ _ _ _ _ _ _ _ _ _ _

dsn = 'host=localhost dbname=droneims user=postgres password=postgres port=5432'
connection_factory = None, cursor_factory = None
kwargs = {'dbname': 'droneims', 'host': 'localhost', 'password': 'postgres', 'port': 5432, ...}
kwasync = {}

    def connect(dsn=None, connection_factory=None, cursor_factory=None, **kwargs):
        """
        Create a new database connection.
    
        The connection parameters can be specified as a string:
    
            conn = psycopg2.connect("dbname=test user=postgres password=secret")
    
        or using a set of keyword arguments:
    
            conn = psycopg2.connect(database="test", user="postgres", password="secret")
    
        Or as a mix of both. The basic connection parameters are:
    
        - *dbname*: the database name
        - *database*: the database name (only as keyword argument)
        - *user*: user name used to authenticate
        - *password*: password used to authenticate
        - *host*: database host address (defaults to UNIX socket if not provided)
        - *port*: connection port number (defaults to 5432 if not provided)
    
        Using the *connection_factory* parameter a different class or connections
        factory can be specified. It should be a callable object taking a dsn
        argument.
    
        Using the *cursor_factory* parameter, a new default cursor factory will be
        used by cursor().
    
        Using *async*=True an asynchronous connection will be created. *async_* is
        a valid alias (for Python versions where ``async`` is a keyword).
    
        Any other keyword parameter will be passed to the underlying client
        library: the list of supported parameters depends on the library version.
    
        """
        kwasync = {}
        if 'async' in kwargs:
            kwasync['async'] = kwargs.pop('async')
        if 'async_' in kwargs:
            kwasync['async_'] = kwargs.pop('async_')
    
        dsn = _ext.make_dsn(dsn, **kwargs)
>       conn = _connect(dsn, connection_factory=connection_factory, **kwasync)
               ^^^^^^^^^^^^^^^^^^^^^^^^^^^^^^^^^^^^^^^^^^^^^^^^^^^^^^^^^^^^^^^
E       sqlalchemy.exc.OperationalError: (psycopg2.OperationalError) connection to server at "localhost" (::1), port 5432 failed: Connection refused (0x0000274D/10061)
E       	Is the server running on that host and accepting TCP/IP connections?
E       connection to server at "localhost" (127.0.0.1), port 5432 failed: Connection refused (0x0000274D/10061)
E       	Is the server running on that host and accepting TCP/IP connections?
E       
E       (Background on this error at: https://sqlalche.me/e/20/e3q8)

..\..\AppData\Local\Programs\Python\Python312\Lib\site-packages\psycopg2\__init__.py:122: OperationalError
___________ ERROR at setup of test_presign_confirm_and_process_flow ___________

self = <sqlalchemy.engine.base.Connection object at 0x000001EAFF2A2000>
engine = Engine(postgresql+psycopg2://postgres:***@localhost:5432/droneims)
connection = None, _has_events = None, _allow_revalidate = True
_allow_autobegin = True

    def __init__(
        self,
        engine: Engine,
        connection: Optional[PoolProxiedConnection] = None,
        _has_events: Optional[bool] = None,
        _allow_revalidate: bool = True,
        _allow_autobegin: bool = True,
    ):
        """Construct a new Connection."""
        self.engine = engine
        self.dialect = dialect = engine.dialect
    
        if connection is None:
            try:
>               self._dbapi_connection = engine.raw_connection()
                                         ^^^^^^^^^^^^^^^^^^^^^^^

..\..\AppData\Local\Programs\Python\Python312\Lib\site-packages\sqlalchemy\engine\base.py:143: 
_ _ _ _ _ _ _ _ _ _ _ _ _ _ _ _ _ _ _ _ _ _ _ _ _ _ _ _ _ _ _ _ _ _ _ _ _ _ _ _
..\..\AppData\Local\Programs\Python\Python312\Lib\site-packages\sqlalchemy\engine\base.py:3309: in raw_connection
    return self.pool.connect()
           ^^^^^^^^^^^^^^^^^^^
..\..\AppData\Local\Programs\Python\Python312\Lib\site-packages\sqlalchemy\pool\base.py:447: in connect
    return _ConnectionFairy._checkout(self)
           ^^^^^^^^^^^^^^^^^^^^^^^^^^^^^^^^
..\..\AppData\Local\Programs\Python\Python312\Lib\site-packages\sqlalchemy\pool\base.py:1264: in _checkout
    fairy = _ConnectionRecord.checkout(pool)
            ^^^^^^^^^^^^^^^^^^^^^^^^^^^^^^^^
..\..\AppData\Local\Programs\Python\Python312\Lib\site-packages\sqlalchemy\pool\base.py:711: in checkout
    rec = pool._do_get()
          ^^^^^^^^^^^^^^
..\..\AppData\Local\Programs\Python\Python312\Lib\site-packages\sqlalchemy\pool\impl.py:306: in _do_get
    return self._create_connection()
           ^^^^^^^^^^^^^^^^^^^^^^^^^
..\..\AppData\Local\Programs\Python\Python312\Lib\site-packages\sqlalchemy\pool\base.py:388: in _create_connection
    return _ConnectionRecord(self)
           ^^^^^^^^^^^^^^^^^^^^^^^
..\..\AppData\Local\Programs\Python\Python312\Lib\site-packages\sqlalchemy\pool\base.py:673: in __init__
    self.__connect()
..\..\AppData\Local\Programs\Python\Python312\Lib\site-packages\sqlalchemy\pool\base.py:899: in __connect
    with util.safe_reraise():
         ^^^^^^^^^^^^^^^^^^^
..\..\AppData\Local\Programs\Python\Python312\Lib\site-packages\sqlalchemy\util\langhelpers.py:224: in __exit__
    raise exc_value.with_traceback(exc_tb)
..\..\AppData\Local\Programs\Python\Python312\Lib\site-packages\sqlalchemy\pool\base.py:895: in __connect
    self.dbapi_connection = connection = pool._invoke_creator(self)
                                         ^^^^^^^^^^^^^^^^^^^^^^^^^^
..\..\AppData\Local\Programs\Python\Python312\Lib\site-packages\sqlalchemy\engine\create.py:661: in connect
    return dialect.connect(*cargs, **cparams)
           ^^^^^^^^^^^^^^^^^^^^^^^^^^^^^^^^^^
..\..\AppData\Local\Programs\Python\Python312\Lib\site-packages\sqlalchemy\engine\default.py:630: in connect
    return self.loaded_dbapi.connect(*cargs, **cparams)  # type: ignore[no-any-return]  # NOQA: E501
           ^^^^^^^^^^^^^^^^^^^^^^^^^^^^^^^^^^^^^^^^^^^^
_ _ _ _ _ _ _ _ _ _ _ _ _ _ _ _ _ _ _ _ _ _ _ _ _ _ _ _ _ _ _ _ _ _ _ _ _ _ _ _

dsn = 'host=localhost dbname=droneims user=postgres password=postgres port=5432'
connection_factory = None, cursor_factory = None
kwargs = {'dbname': 'droneims', 'host': 'localhost', 'password': 'postgres', 'port': 5432, ...}
kwasync = {}

    def connect(dsn=None, connection_factory=None, cursor_factory=None, **kwargs):
        """
        Create a new database connection.
    
        The connection parameters can be specified as a string:
    
            conn = psycopg2.connect("dbname=test user=postgres password=secret")
    
        or using a set of keyword arguments:
    
            conn = psycopg2.connect(database="test", user="postgres", password="secret")
    
        Or as a mix of both. The basic connection parameters are:
    
        - *dbname*: the database name
        - *database*: the database name (only as keyword argument)
        - *user*: user name used to authenticate
        - *password*: password used to authenticate
        - *host*: database host address (defaults to UNIX socket if not provided)
        - *port*: connection port number (defaults to 5432 if not provided)
    
        Using the *connection_factory* parameter a different class or connections
        factory can be specified. It should be a callable object taking a dsn
        argument.
    
        Using the *cursor_factory* parameter, a new default cursor factory will be
        used by cursor().
    
        Using *async*=True an asynchronous connection will be created. *async_* is
        a valid alias (for Python versions where ``async`` is a keyword).
    
        Any other keyword parameter will be passed to the underlying client
        library: the list of supported parameters depends on the library version.
    
        """
        kwasync = {}
        if 'async' in kwargs:
            kwasync['async'] = kwargs.pop('async')
        if 'async_' in kwargs:
            kwasync['async_'] = kwargs.pop('async_')
    
        dsn = _ext.make_dsn(dsn, **kwargs)
>       conn = _connect(dsn, connection_factory=connection_factory, **kwasync)
               ^^^^^^^^^^^^^^^^^^^^^^^^^^^^^^^^^^^^^^^^^^^^^^^^^^^^^^^^^^^^^^^
E       psycopg2.OperationalError: connection to server at "localhost" (::1), port 5432 failed: Connection refused (0x0000274D/10061)
E       	Is the server running on that host and accepting TCP/IP connections?
E       connection to server at "localhost" (127.0.0.1), port 5432 failed: Connection refused (0x0000274D/10061)
E       	Is the server running on that host and accepting TCP/IP connections?

..\..\AppData\Local\Programs\Python\Python312\Lib\site-packages\psycopg2\__init__.py:122: OperationalError

The above exception was the direct cause of the following exception:

self = <Coroutine test_presign_confirm_and_process_flow>

    def setup(self) -> None:
        runner_fixture_id = f"_{self._loop_scope}_scoped_runner"
        if runner_fixture_id not in self.fixturenames:
            self.fixturenames.append(runner_fixture_id)
>       return super().setup()
               ^^^^^^^^^^^^^^^

..\..\AppData\Local\Programs\Python\Python312\Lib\site-packages\pytest_asyncio\plugin.py:458: 
_ _ _ _ _ _ _ _ _ _ _ _ _ _ _ _ _ _ _ _ _ _ _ _ _ _ _ _ _ _ _ _ _ _ _ _ _ _ _ _
tests\conftest.py:22: in _migrate_db
    command.upgrade(cfg, "head")
..\..\AppData\Local\Programs\Python\Python312\Lib\site-packages\alembic\command.py:483: in upgrade
    script.run_env()
..\..\AppData\Local\Programs\Python\Python312\Lib\site-packages\alembic\script\base.py:545: in run_env
    util.load_python_file(self.dir, "env.py")
..\..\AppData\Local\Programs\Python\Python312\Lib\site-packages\alembic\util\pyfiles.py:116: in load_python_file
    module = load_module_py(module_id, path)
             ^^^^^^^^^^^^^^^^^^^^^^^^^^^^^^^
..\..\AppData\Local\Programs\Python\Python312\Lib\site-packages\alembic\util\pyfiles.py:136: in load_module_py
    spec.loader.exec_module(module)  # type: ignore
    ^^^^^^^^^^^^^^^^^^^^^^^^^^^^^^^
alembic\env.py:68: in <module>
    run_migrations_online()
alembic\env.py:59: in run_migrations_online
    with connectable.connect() as connection:
         ^^^^^^^^^^^^^^^^^^^^^
..\..\AppData\Local\Programs\Python\Python312\Lib\site-packages\sqlalchemy\engine\base.py:3285: in connect
    return self._connection_cls(self)
           ^^^^^^^^^^^^^^^^^^^^^^^^^^
..\..\AppData\Local\Programs\Python\Python312\Lib\site-packages\sqlalchemy\engine\base.py:145: in __init__
    Connection._handle_dbapi_exception_noconnection(
..\..\AppData\Local\Programs\Python\Python312\Lib\site-packages\sqlalchemy\engine\base.py:2448: in _handle_dbapi_exception_noconnection
    raise sqlalchemy_exception.with_traceback(exc_info[2]) from e
..\..\AppData\Local\Programs\Python\Python312\Lib\site-packages\sqlalchemy\engine\base.py:143: in __init__
    self._dbapi_connection = engine.raw_connection()
                             ^^^^^^^^^^^^^^^^^^^^^^^
..\..\AppData\Local\Programs\Python\Python312\Lib\site-packages\sqlalchemy\engine\base.py:3309: in raw_connection
    return self.pool.connect()
           ^^^^^^^^^^^^^^^^^^^
..\..\AppData\Local\Programs\Python\Python312\Lib\site-packages\sqlalchemy\pool\base.py:447: in connect
    return _ConnectionFairy._checkout(self)
           ^^^^^^^^^^^^^^^^^^^^^^^^^^^^^^^^
..\..\AppData\Local\Programs\Python\Python312\Lib\site-packages\sqlalchemy\pool\base.py:1264: in _checkout
    fairy = _ConnectionRecord.checkout(pool)
            ^^^^^^^^^^^^^^^^^^^^^^^^^^^^^^^^
..\..\AppData\Local\Programs\Python\Python312\Lib\site-packages\sqlalchemy\pool\base.py:711: in checkout
    rec = pool._do_get()
          ^^^^^^^^^^^^^^
..\..\AppData\Local\Programs\Python\Python312\Lib\site-packages\sqlalchemy\pool\impl.py:306: in _do_get
    return self._create_connection()
           ^^^^^^^^^^^^^^^^^^^^^^^^^
..\..\AppData\Local\Programs\Python\Python312\Lib\site-packages\sqlalchemy\pool\base.py:388: in _create_connection
    return _ConnectionRecord(self)
           ^^^^^^^^^^^^^^^^^^^^^^^
..\..\AppData\Local\Programs\Python\Python312\Lib\site-packages\sqlalchemy\pool\base.py:673: in __init__
    self.__connect()
..\..\AppData\Local\Programs\Python\Python312\Lib\site-packages\sqlalchemy\pool\base.py:899: in __connect
    with util.safe_reraise():
         ^^^^^^^^^^^^^^^^^^^
..\..\AppData\Local\Programs\Python\Python312\Lib\site-packages\sqlalchemy\util\langhelpers.py:224: in __exit__
    raise exc_value.with_traceback(exc_tb)
..\..\AppData\Local\Programs\Python\Python312\Lib\site-packages\sqlalchemy\pool\base.py:895: in __connect
    self.dbapi_connection = connection = pool._invoke_creator(self)
                                         ^^^^^^^^^^^^^^^^^^^^^^^^^^
..\..\AppData\Local\Programs\Python\Python312\Lib\site-packages\sqlalchemy\engine\create.py:661: in connect
    return dialect.connect(*cargs, **cparams)
           ^^^^^^^^^^^^^^^^^^^^^^^^^^^^^^^^^^
..\..\AppData\Local\Programs\Python\Python312\Lib\site-packages\sqlalchemy\engine\default.py:630: in connect
    return self.loaded_dbapi.connect(*cargs, **cparams)  # type: ignore[no-any-return]  # NOQA: E501
           ^^^^^^^^^^^^^^^^^^^^^^^^^^^^^^^^^^^^^^^^^^^^
_ _ _ _ _ _ _ _ _ _ _ _ _ _ _ _ _ _ _ _ _ _ _ _ _ _ _ _ _ _ _ _ _ _ _ _ _ _ _ _

dsn = 'host=localhost dbname=droneims user=postgres password=postgres port=5432'
connection_factory = None, cursor_factory = None
kwargs = {'dbname': 'droneims', 'host': 'localhost', 'password': 'postgres', 'port': 5432, ...}
kwasync = {}

    def connect(dsn=None, connection_factory=None, cursor_factory=None, **kwargs):
        """
        Create a new database connection.
    
        The connection parameters can be specified as a string:
    
            conn = psycopg2.connect("dbname=test user=postgres password=secret")
    
        or using a set of keyword arguments:
    
            conn = psycopg2.connect(database="test", user="postgres", password="secret")
    
        Or as a mix of both. The basic connection parameters are:
    
        - *dbname*: the database name
        - *database*: the database name (only as keyword argument)
        - *user*: user name used to authenticate
        - *password*: password used to authenticate
        - *host*: database host address (defaults to UNIX socket if not provided)
        - *port*: connection port number (defaults to 5432 if not provided)
    
        Using the *connection_factory* parameter a different class or connections
        factory can be specified. It should be a callable object taking a dsn
        argument.
    
        Using the *cursor_factory* parameter, a new default cursor factory will be
        used by cursor().
    
        Using *async*=True an asynchronous connection will be created. *async_* is
        a valid alias (for Python versions where ``async`` is a keyword).
    
        Any other keyword parameter will be passed to the underlying client
        library: the list of supported parameters depends on the library version.
    
        """
        kwasync = {}
        if 'async' in kwargs:
            kwasync['async'] = kwargs.pop('async')
        if 'async_' in kwargs:
            kwasync['async_'] = kwargs.pop('async_')
    
        dsn = _ext.make_dsn(dsn, **kwargs)
>       conn = _connect(dsn, connection_factory=connection_factory, **kwasync)
               ^^^^^^^^^^^^^^^^^^^^^^^^^^^^^^^^^^^^^^^^^^^^^^^^^^^^^^^^^^^^^^^
E       sqlalchemy.exc.OperationalError: (psycopg2.OperationalError) connection to server at "localhost" (::1), port 5432 failed: Connection refused (0x0000274D/10061)
E       	Is the server running on that host and accepting TCP/IP connections?
E       connection to server at "localhost" (127.0.0.1), port 5432 failed: Connection refused (0x0000274D/10061)
E       	Is the server running on that host and accepting TCP/IP connections?
E       
E       (Background on this error at: https://sqlalche.me/e/20/e3q8)

..\..\AppData\Local\Programs\Python\Python312\Lib\site-packages\psycopg2\__init__.py:122: OperationalError
________ ERROR at setup of test_uploads_confirm_enforces_owner_access _________

self = <sqlalchemy.engine.base.Connection object at 0x000001EAFF2A2000>
engine = Engine(postgresql+psycopg2://postgres:***@localhost:5432/droneims)
connection = None, _has_events = None, _allow_revalidate = True
_allow_autobegin = True

    def __init__(
        self,
        engine: Engine,
        connection: Optional[PoolProxiedConnection] = None,
        _has_events: Optional[bool] = None,
        _allow_revalidate: bool = True,
        _allow_autobegin: bool = True,
    ):
        """Construct a new Connection."""
        self.engine = engine
        self.dialect = dialect = engine.dialect
    
        if connection is None:
            try:
>               self._dbapi_connection = engine.raw_connection()
                                         ^^^^^^^^^^^^^^^^^^^^^^^

..\..\AppData\Local\Programs\Python\Python312\Lib\site-packages\sqlalchemy\engine\base.py:143: 
_ _ _ _ _ _ _ _ _ _ _ _ _ _ _ _ _ _ _ _ _ _ _ _ _ _ _ _ _ _ _ _ _ _ _ _ _ _ _ _
..\..\AppData\Local\Programs\Python\Python312\Lib\site-packages\sqlalchemy\engine\base.py:3309: in raw_connection
    return self.pool.connect()
           ^^^^^^^^^^^^^^^^^^^
..\..\AppData\Local\Programs\Python\Python312\Lib\site-packages\sqlalchemy\pool\base.py:447: in connect
    return _ConnectionFairy._checkout(self)
           ^^^^^^^^^^^^^^^^^^^^^^^^^^^^^^^^
..\..\AppData\Local\Programs\Python\Python312\Lib\site-packages\sqlalchemy\pool\base.py:1264: in _checkout
    fairy = _ConnectionRecord.checkout(pool)
            ^^^^^^^^^^^^^^^^^^^^^^^^^^^^^^^^
..\..\AppData\Local\Programs\Python\Python312\Lib\site-packages\sqlalchemy\pool\base.py:711: in checkout
    rec = pool._do_get()
          ^^^^^^^^^^^^^^
..\..\AppData\Local\Programs\Python\Python312\Lib\site-packages\sqlalchemy\pool\impl.py:306: in _do_get
    return self._create_connection()
           ^^^^^^^^^^^^^^^^^^^^^^^^^
..\..\AppData\Local\Programs\Python\Python312\Lib\site-packages\sqlalchemy\pool\base.py:388: in _create_connection
    return _ConnectionRecord(self)
           ^^^^^^^^^^^^^^^^^^^^^^^
..\..\AppData\Local\Programs\Python\Python312\Lib\site-packages\sqlalchemy\pool\base.py:673: in __init__
    self.__connect()
..\..\AppData\Local\Programs\Python\Python312\Lib\site-packages\sqlalchemy\pool\base.py:899: in __connect
    with util.safe_reraise():
         ^^^^^^^^^^^^^^^^^^^
..\..\AppData\Local\Programs\Python\Python312\Lib\site-packages\sqlalchemy\util\langhelpers.py:224: in __exit__
    raise exc_value.with_traceback(exc_tb)
..\..\AppData\Local\Programs\Python\Python312\Lib\site-packages\sqlalchemy\pool\base.py:895: in __connect
    self.dbapi_connection = connection = pool._invoke_creator(self)
                                         ^^^^^^^^^^^^^^^^^^^^^^^^^^
..\..\AppData\Local\Programs\Python\Python312\Lib\site-packages\sqlalchemy\engine\create.py:661: in connect
    return dialect.connect(*cargs, **cparams)
           ^^^^^^^^^^^^^^^^^^^^^^^^^^^^^^^^^^
..\..\AppData\Local\Programs\Python\Python312\Lib\site-packages\sqlalchemy\engine\default.py:630: in connect
    return self.loaded_dbapi.connect(*cargs, **cparams)  # type: ignore[no-any-return]  # NOQA: E501
           ^^^^^^^^^^^^^^^^^^^^^^^^^^^^^^^^^^^^^^^^^^^^
_ _ _ _ _ _ _ _ _ _ _ _ _ _ _ _ _ _ _ _ _ _ _ _ _ _ _ _ _ _ _ _ _ _ _ _ _ _ _ _

dsn = 'host=localhost dbname=droneims user=postgres password=postgres port=5432'
connection_factory = None, cursor_factory = None
kwargs = {'dbname': 'droneims', 'host': 'localhost', 'password': 'postgres', 'port': 5432, ...}
kwasync = {}

    def connect(dsn=None, connection_factory=None, cursor_factory=None, **kwargs):
        """
        Create a new database connection.
    
        The connection parameters can be specified as a string:
    
            conn = psycopg2.connect("dbname=test user=postgres password=secret")
    
        or using a set of keyword arguments:
    
            conn = psycopg2.connect(database="test", user="postgres", password="secret")
    
        Or as a mix of both. The basic connection parameters are:
    
        - *dbname*: the database name
        - *database*: the database name (only as keyword argument)
        - *user*: user name used to authenticate
        - *password*: password used to authenticate
        - *host*: database host address (defaults to UNIX socket if not provided)
        - *port*: connection port number (defaults to 5432 if not provided)
    
        Using the *connection_factory* parameter a different class or connections
        factory can be specified. It should be a callable object taking a dsn
        argument.
    
        Using the *cursor_factory* parameter, a new default cursor factory will be
        used by cursor().
    
        Using *async*=True an asynchronous connection will be created. *async_* is
        a valid alias (for Python versions where ``async`` is a keyword).
    
        Any other keyword parameter will be passed to the underlying client
        library: the list of supported parameters depends on the library version.
    
        """
        kwasync = {}
        if 'async' in kwargs:
            kwasync['async'] = kwargs.pop('async')
        if 'async_' in kwargs:
            kwasync['async_'] = kwargs.pop('async_')
    
        dsn = _ext.make_dsn(dsn, **kwargs)
>       conn = _connect(dsn, connection_factory=connection_factory, **kwasync)
               ^^^^^^^^^^^^^^^^^^^^^^^^^^^^^^^^^^^^^^^^^^^^^^^^^^^^^^^^^^^^^^^
E       psycopg2.OperationalError: connection to server at "localhost" (::1), port 5432 failed: Connection refused (0x0000274D/10061)
E       	Is the server running on that host and accepting TCP/IP connections?
E       connection to server at "localhost" (127.0.0.1), port 5432 failed: Connection refused (0x0000274D/10061)
E       	Is the server running on that host and accepting TCP/IP connections?

..\..\AppData\Local\Programs\Python\Python312\Lib\site-packages\psycopg2\__init__.py:122: OperationalError

The above exception was the direct cause of the following exception:

self = <Coroutine test_uploads_confirm_enforces_owner_access>

    def setup(self) -> None:
        runner_fixture_id = f"_{self._loop_scope}_scoped_runner"
        if runner_fixture_id not in self.fixturenames:
            self.fixturenames.append(runner_fixture_id)
>       return super().setup()
               ^^^^^^^^^^^^^^^

..\..\AppData\Local\Programs\Python\Python312\Lib\site-packages\pytest_asyncio\plugin.py:458: 
_ _ _ _ _ _ _ _ _ _ _ _ _ _ _ _ _ _ _ _ _ _ _ _ _ _ _ _ _ _ _ _ _ _ _ _ _ _ _ _
tests\conftest.py:22: in _migrate_db
    command.upgrade(cfg, "head")
..\..\AppData\Local\Programs\Python\Python312\Lib\site-packages\alembic\command.py:483: in upgrade
    script.run_env()
..\..\AppData\Local\Programs\Python\Python312\Lib\site-packages\alembic\script\base.py:545: in run_env
    util.load_python_file(self.dir, "env.py")
..\..\AppData\Local\Programs\Python\Python312\Lib\site-packages\alembic\util\pyfiles.py:116: in load_python_file
    module = load_module_py(module_id, path)
             ^^^^^^^^^^^^^^^^^^^^^^^^^^^^^^^
..\..\AppData\Local\Programs\Python\Python312\Lib\site-packages\alembic\util\pyfiles.py:136: in load_module_py
    spec.loader.exec_module(module)  # type: ignore
    ^^^^^^^^^^^^^^^^^^^^^^^^^^^^^^^
alembic\env.py:68: in <module>
    run_migrations_online()
alembic\env.py:59: in run_migrations_online
    with connectable.connect() as connection:
         ^^^^^^^^^^^^^^^^^^^^^
..\..\AppData\Local\Programs\Python\Python312\Lib\site-packages\sqlalchemy\engine\base.py:3285: in connect
    return self._connection_cls(self)
           ^^^^^^^^^^^^^^^^^^^^^^^^^^
..\..\AppData\Local\Programs\Python\Python312\Lib\site-packages\sqlalchemy\engine\base.py:145: in __init__
    Connection._handle_dbapi_exception_noconnection(
..\..\AppData\Local\Programs\Python\Python312\Lib\site-packages\sqlalchemy\engine\base.py:2448: in _handle_dbapi_exception_noconnection
    raise sqlalchemy_exception.with_traceback(exc_info[2]) from e
..\..\AppData\Local\Programs\Python\Python312\Lib\site-packages\sqlalchemy\engine\base.py:143: in __init__
    self._dbapi_connection = engine.raw_connection()
                             ^^^^^^^^^^^^^^^^^^^^^^^
..\..\AppData\Local\Programs\Python\Python312\Lib\site-packages\sqlalchemy\engine\base.py:3309: in raw_connection
    return self.pool.connect()
           ^^^^^^^^^^^^^^^^^^^
..\..\AppData\Local\Programs\Python\Python312\Lib\site-packages\sqlalchemy\pool\base.py:447: in connect
    return _ConnectionFairy._checkout(self)
           ^^^^^^^^^^^^^^^^^^^^^^^^^^^^^^^^
..\..\AppData\Local\Programs\Python\Python312\Lib\site-packages\sqlalchemy\pool\base.py:1264: in _checkout
    fairy = _ConnectionRecord.checkout(pool)
            ^^^^^^^^^^^^^^^^^^^^^^^^^^^^^^^^
..\..\AppData\Local\Programs\Python\Python312\Lib\site-packages\sqlalchemy\pool\base.py:711: in checkout
    rec = pool._do_get()
          ^^^^^^^^^^^^^^
..\..\AppData\Local\Programs\Python\Python312\Lib\site-packages\sqlalchemy\pool\impl.py:306: in _do_get
    return self._create_connection()
           ^^^^^^^^^^^^^^^^^^^^^^^^^
..\..\AppData\Local\Programs\Python\Python312\Lib\site-packages\sqlalchemy\pool\base.py:388: in _create_connection
    return _ConnectionRecord(self)
           ^^^^^^^^^^^^^^^^^^^^^^^
..\..\AppData\Local\Programs\Python\Python312\Lib\site-packages\sqlalchemy\pool\base.py:673: in __init__
    self.__connect()
..\..\AppData\Local\Programs\Python\Python312\Lib\site-packages\sqlalchemy\pool\base.py:899: in __connect
    with util.safe_reraise():
         ^^^^^^^^^^^^^^^^^^^
..\..\AppData\Local\Programs\Python\Python312\Lib\site-packages\sqlalchemy\util\langhelpers.py:224: in __exit__
    raise exc_value.with_traceback(exc_tb)
..\..\AppData\Local\Programs\Python\Python312\Lib\site-packages\sqlalchemy\pool\base.py:895: in __connect
    self.dbapi_connection = connection = pool._invoke_creator(self)
                                         ^^^^^^^^^^^^^^^^^^^^^^^^^^
..\..\AppData\Local\Programs\Python\Python312\Lib\site-packages\sqlalchemy\engine\create.py:661: in connect
    return dialect.connect(*cargs, **cparams)
           ^^^^^^^^^^^^^^^^^^^^^^^^^^^^^^^^^^
..\..\AppData\Local\Programs\Python\Python312\Lib\site-packages\sqlalchemy\engine\default.py:630: in connect
    return self.loaded_dbapi.connect(*cargs, **cparams)  # type: ignore[no-any-return]  # NOQA: E501
           ^^^^^^^^^^^^^^^^^^^^^^^^^^^^^^^^^^^^^^^^^^^^
_ _ _ _ _ _ _ _ _ _ _ _ _ _ _ _ _ _ _ _ _ _ _ _ _ _ _ _ _ _ _ _ _ _ _ _ _ _ _ _

dsn = 'host=localhost dbname=droneims user=postgres password=postgres port=5432'
connection_factory = None, cursor_factory = None
kwargs = {'dbname': 'droneims', 'host': 'localhost', 'password': 'postgres', 'port': 5432, ...}
kwasync = {}

    def connect(dsn=None, connection_factory=None, cursor_factory=None, **kwargs):
        """
        Create a new database connection.
    
        The connection parameters can be specified as a string:
    
            conn = psycopg2.connect("dbname=test user=postgres password=secret")
    
        or using a set of keyword arguments:
    
            conn = psycopg2.connect(database="test", user="postgres", password="secret")
    
        Or as a mix of both. The basic connection parameters are:
    
        - *dbname*: the database name
        - *database*: the database name (only as keyword argument)
        - *user*: user name used to authenticate
        - *password*: password used to authenticate
        - *host*: database host address (defaults to UNIX socket if not provided)
        - *port*: connection port number (defaults to 5432 if not provided)
    
        Using the *connection_factory* parameter a different class or connections
        factory can be specified. It should be a callable object taking a dsn
        argument.
    
        Using the *cursor_factory* parameter, a new default cursor factory will be
        used by cursor().
    
        Using *async*=True an asynchronous connection will be created. *async_* is
        a valid alias (for Python versions where ``async`` is a keyword).
    
        Any other keyword parameter will be passed to the underlying client
        library: the list of supported parameters depends on the library version.
    
        """
        kwasync = {}
        if 'async' in kwargs:
            kwasync['async'] = kwargs.pop('async')
        if 'async_' in kwargs:
            kwasync['async_'] = kwargs.pop('async_')
    
        dsn = _ext.make_dsn(dsn, **kwargs)
>       conn = _connect(dsn, connection_factory=connection_factory, **kwasync)
               ^^^^^^^^^^^^^^^^^^^^^^^^^^^^^^^^^^^^^^^^^^^^^^^^^^^^^^^^^^^^^^^
E       sqlalchemy.exc.OperationalError: (psycopg2.OperationalError) connection to server at "localhost" (::1), port 5432 failed: Connection refused (0x0000274D/10061)
E       	Is the server running on that host and accepting TCP/IP connections?
E       connection to server at "localhost" (127.0.0.1), port 5432 failed: Connection refused (0x0000274D/10061)
E       	Is the server running on that host and accepting TCP/IP connections?
E       
E       (Background on this error at: https://sqlalche.me/e/20/e3q8)

..\..\AppData\Local\Programs\Python\Python312\Lib\site-packages\psycopg2\__init__.py:122: OperationalError
____________ ERROR at setup of test_scan_jobs_object_level_access _____________

self = <sqlalchemy.engine.base.Connection object at 0x000001EAFF2A2000>
engine = Engine(postgresql+psycopg2://postgres:***@localhost:5432/droneims)
connection = None, _has_events = None, _allow_revalidate = True
_allow_autobegin = True

    def __init__(
        self,
        engine: Engine,
        connection: Optional[PoolProxiedConnection] = None,
        _has_events: Optional[bool] = None,
        _allow_revalidate: bool = True,
        _allow_autobegin: bool = True,
    ):
        """Construct a new Connection."""
        self.engine = engine
        self.dialect = dialect = engine.dialect
    
        if connection is None:
            try:
>               self._dbapi_connection = engine.raw_connection()
                                         ^^^^^^^^^^^^^^^^^^^^^^^

..\..\AppData\Local\Programs\Python\Python312\Lib\site-packages\sqlalchemy\engine\base.py:143: 
_ _ _ _ _ _ _ _ _ _ _ _ _ _ _ _ _ _ _ _ _ _ _ _ _ _ _ _ _ _ _ _ _ _ _ _ _ _ _ _
..\..\AppData\Local\Programs\Python\Python312\Lib\site-packages\sqlalchemy\engine\base.py:3309: in raw_connection
    return self.pool.connect()
           ^^^^^^^^^^^^^^^^^^^
..\..\AppData\Local\Programs\Python\Python312\Lib\site-packages\sqlalchemy\pool\base.py:447: in connect
    return _ConnectionFairy._checkout(self)
           ^^^^^^^^^^^^^^^^^^^^^^^^^^^^^^^^
..\..\AppData\Local\Programs\Python\Python312\Lib\site-packages\sqlalchemy\pool\base.py:1264: in _checkout
    fairy = _ConnectionRecord.checkout(pool)
            ^^^^^^^^^^^^^^^^^^^^^^^^^^^^^^^^
..\..\AppData\Local\Programs\Python\Python312\Lib\site-packages\sqlalchemy\pool\base.py:711: in checkout
    rec = pool._do_get()
          ^^^^^^^^^^^^^^
..\..\AppData\Local\Programs\Python\Python312\Lib\site-packages\sqlalchemy\pool\impl.py:306: in _do_get
    return self._create_connection()
           ^^^^^^^^^^^^^^^^^^^^^^^^^
..\..\AppData\Local\Programs\Python\Python312\Lib\site-packages\sqlalchemy\pool\base.py:388: in _create_connection
    return _ConnectionRecord(self)
           ^^^^^^^^^^^^^^^^^^^^^^^
..\..\AppData\Local\Programs\Python\Python312\Lib\site-packages\sqlalchemy\pool\base.py:673: in __init__
    self.__connect()
..\..\AppData\Local\Programs\Python\Python312\Lib\site-packages\sqlalchemy\pool\base.py:899: in __connect
    with util.safe_reraise():
         ^^^^^^^^^^^^^^^^^^^
..\..\AppData\Local\Programs\Python\Python312\Lib\site-packages\sqlalchemy\util\langhelpers.py:224: in __exit__
    raise exc_value.with_traceback(exc_tb)
..\..\AppData\Local\Programs\Python\Python312\Lib\site-packages\sqlalchemy\pool\base.py:895: in __connect
    self.dbapi_connection = connection = pool._invoke_creator(self)
                                         ^^^^^^^^^^^^^^^^^^^^^^^^^^
..\..\AppData\Local\Programs\Python\Python312\Lib\site-packages\sqlalchemy\engine\create.py:661: in connect
    return dialect.connect(*cargs, **cparams)
           ^^^^^^^^^^^^^^^^^^^^^^^^^^^^^^^^^^
..\..\AppData\Local\Programs\Python\Python312\Lib\site-packages\sqlalchemy\engine\default.py:630: in connect
    return self.loaded_dbapi.connect(*cargs, **cparams)  # type: ignore[no-any-return]  # NOQA: E501
           ^^^^^^^^^^^^^^^^^^^^^^^^^^^^^^^^^^^^^^^^^^^^
_ _ _ _ _ _ _ _ _ _ _ _ _ _ _ _ _ _ _ _ _ _ _ _ _ _ _ _ _ _ _ _ _ _ _ _ _ _ _ _

dsn = 'host=localhost dbname=droneims user=postgres password=postgres port=5432'
connection_factory = None, cursor_factory = None
kwargs = {'dbname': 'droneims', 'host': 'localhost', 'password': 'postgres', 'port': 5432, ...}
kwasync = {}

    def connect(dsn=None, connection_factory=None, cursor_factory=None, **kwargs):
        """
        Create a new database connection.
    
        The connection parameters can be specified as a string:
    
            conn = psycopg2.connect("dbname=test user=postgres password=secret")
    
        or using a set of keyword arguments:
    
            conn = psycopg2.connect(database="test", user="postgres", password="secret")
    
        Or as a mix of both. The basic connection parameters are:
    
        - *dbname*: the database name
        - *database*: the database name (only as keyword argument)
        - *user*: user name used to authenticate
        - *password*: password used to authenticate
        - *host*: database host address (defaults to UNIX socket if not provided)
        - *port*: connection port number (defaults to 5432 if not provided)
    
        Using the *connection_factory* parameter a different class or connections
        factory can be specified. It should be a callable object taking a dsn
        argument.
    
        Using the *cursor_factory* parameter, a new default cursor factory will be
        used by cursor().
    
        Using *async*=True an asynchronous connection will be created. *async_* is
        a valid alias (for Python versions where ``async`` is a keyword).
    
        Any other keyword parameter will be passed to the underlying client
        library: the list of supported parameters depends on the library version.
    
        """
        kwasync = {}
        if 'async' in kwargs:
            kwasync['async'] = kwargs.pop('async')
        if 'async_' in kwargs:
            kwasync['async_'] = kwargs.pop('async_')
    
        dsn = _ext.make_dsn(dsn, **kwargs)
>       conn = _connect(dsn, connection_factory=connection_factory, **kwasync)
               ^^^^^^^^^^^^^^^^^^^^^^^^^^^^^^^^^^^^^^^^^^^^^^^^^^^^^^^^^^^^^^^
E       psycopg2.OperationalError: connection to server at "localhost" (::1), port 5432 failed: Connection refused (0x0000274D/10061)
E       	Is the server running on that host and accepting TCP/IP connections?
E       connection to server at "localhost" (127.0.0.1), port 5432 failed: Connection refused (0x0000274D/10061)
E       	Is the server running on that host and accepting TCP/IP connections?

..\..\AppData\Local\Programs\Python\Python312\Lib\site-packages\psycopg2\__init__.py:122: OperationalError

The above exception was the direct cause of the following exception:

self = <Coroutine test_scan_jobs_object_level_access>

    def setup(self) -> None:
        runner_fixture_id = f"_{self._loop_scope}_scoped_runner"
        if runner_fixture_id not in self.fixturenames:
            self.fixturenames.append(runner_fixture_id)
>       return super().setup()
               ^^^^^^^^^^^^^^^

..\..\AppData\Local\Programs\Python\Python312\Lib\site-packages\pytest_asyncio\plugin.py:458: 
_ _ _ _ _ _ _ _ _ _ _ _ _ _ _ _ _ _ _ _ _ _ _ _ _ _ _ _ _ _ _ _ _ _ _ _ _ _ _ _
tests\conftest.py:22: in _migrate_db
    command.upgrade(cfg, "head")
..\..\AppData\Local\Programs\Python\Python312\Lib\site-packages\alembic\command.py:483: in upgrade
    script.run_env()
..\..\AppData\Local\Programs\Python\Python312\Lib\site-packages\alembic\script\base.py:545: in run_env
    util.load_python_file(self.dir, "env.py")
..\..\AppData\Local\Programs\Python\Python312\Lib\site-packages\alembic\util\pyfiles.py:116: in load_python_file
    module = load_module_py(module_id, path)
             ^^^^^^^^^^^^^^^^^^^^^^^^^^^^^^^
..\..\AppData\Local\Programs\Python\Python312\Lib\site-packages\alembic\util\pyfiles.py:136: in load_module_py
    spec.loader.exec_module(module)  # type: ignore
    ^^^^^^^^^^^^^^^^^^^^^^^^^^^^^^^
alembic\env.py:68: in <module>
    run_migrations_online()
alembic\env.py:59: in run_migrations_online
    with connectable.connect() as connection:
         ^^^^^^^^^^^^^^^^^^^^^
..\..\AppData\Local\Programs\Python\Python312\Lib\site-packages\sqlalchemy\engine\base.py:3285: in connect
    return self._connection_cls(self)
           ^^^^^^^^^^^^^^^^^^^^^^^^^^
..\..\AppData\Local\Programs\Python\Python312\Lib\site-packages\sqlalchemy\engine\base.py:145: in __init__
    Connection._handle_dbapi_exception_noconnection(
..\..\AppData\Local\Programs\Python\Python312\Lib\site-packages\sqlalchemy\engine\base.py:2448: in _handle_dbapi_exception_noconnection
    raise sqlalchemy_exception.with_traceback(exc_info[2]) from e
..\..\AppData\Local\Programs\Python\Python312\Lib\site-packages\sqlalchemy\engine\base.py:143: in __init__
    self._dbapi_connection = engine.raw_connection()
                             ^^^^^^^^^^^^^^^^^^^^^^^
..\..\AppData\Local\Programs\Python\Python312\Lib\site-packages\sqlalchemy\engine\base.py:3309: in raw_connection
    return self.pool.connect()
           ^^^^^^^^^^^^^^^^^^^
..\..\AppData\Local\Programs\Python\Python312\Lib\site-packages\sqlalchemy\pool\base.py:447: in connect
    return _ConnectionFairy._checkout(self)
           ^^^^^^^^^^^^^^^^^^^^^^^^^^^^^^^^
..\..\AppData\Local\Programs\Python\Python312\Lib\site-packages\sqlalchemy\pool\base.py:1264: in _checkout
    fairy = _ConnectionRecord.checkout(pool)
            ^^^^^^^^^^^^^^^^^^^^^^^^^^^^^^^^
..\..\AppData\Local\Programs\Python\Python312\Lib\site-packages\sqlalchemy\pool\base.py:711: in checkout
    rec = pool._do_get()
          ^^^^^^^^^^^^^^
..\..\AppData\Local\Programs\Python\Python312\Lib\site-packages\sqlalchemy\pool\impl.py:306: in _do_get
    return self._create_connection()
           ^^^^^^^^^^^^^^^^^^^^^^^^^
..\..\AppData\Local\Programs\Python\Python312\Lib\site-packages\sqlalchemy\pool\base.py:388: in _create_connection
    return _ConnectionRecord(self)
           ^^^^^^^^^^^^^^^^^^^^^^^
..\..\AppData\Local\Programs\Python\Python312\Lib\site-packages\sqlalchemy\pool\base.py:673: in __init__
    self.__connect()
..\..\AppData\Local\Programs\Python\Python312\Lib\site-packages\sqlalchemy\pool\base.py:899: in __connect
    with util.safe_reraise():
         ^^^^^^^^^^^^^^^^^^^
..\..\AppData\Local\Programs\Python\Python312\Lib\site-packages\sqlalchemy\util\langhelpers.py:224: in __exit__
    raise exc_value.with_traceback(exc_tb)
..\..\AppData\Local\Programs\Python\Python312\Lib\site-packages\sqlalchemy\pool\base.py:895: in __connect
    self.dbapi_connection = connection = pool._invoke_creator(self)
                                         ^^^^^^^^^^^^^^^^^^^^^^^^^^
..\..\AppData\Local\Programs\Python\Python312\Lib\site-packages\sqlalchemy\engine\create.py:661: in connect
    return dialect.connect(*cargs, **cparams)
           ^^^^^^^^^^^^^^^^^^^^^^^^^^^^^^^^^^
..\..\AppData\Local\Programs\Python\Python312\Lib\site-packages\sqlalchemy\engine\default.py:630: in connect
    return self.loaded_dbapi.connect(*cargs, **cparams)  # type: ignore[no-any-return]  # NOQA: E501
           ^^^^^^^^^^^^^^^^^^^^^^^^^^^^^^^^^^^^^^^^^^^^
_ _ _ _ _ _ _ _ _ _ _ _ _ _ _ _ _ _ _ _ _ _ _ _ _ _ _ _ _ _ _ _ _ _ _ _ _ _ _ _

dsn = 'host=localhost dbname=droneims user=postgres password=postgres port=5432'
connection_factory = None, cursor_factory = None
kwargs = {'dbname': 'droneims', 'host': 'localhost', 'password': 'postgres', 'port': 5432, ...}
kwasync = {}

    def connect(dsn=None, connection_factory=None, cursor_factory=None, **kwargs):
        """
        Create a new database connection.
    
        The connection parameters can be specified as a string:
    
            conn = psycopg2.connect("dbname=test user=postgres password=secret")
    
        or using a set of keyword arguments:
    
            conn = psycopg2.connect(database="test", user="postgres", password="secret")
    
        Or as a mix of both. The basic connection parameters are:
    
        - *dbname*: the database name
        - *database*: the database name (only as keyword argument)
        - *user*: user name used to authenticate
        - *password*: password used to authenticate
        - *host*: database host address (defaults to UNIX socket if not provided)
        - *port*: connection port number (defaults to 5432 if not provided)
    
        Using the *connection_factory* parameter a different class or connections
        factory can be specified. It should be a callable object taking a dsn
        argument.
    
        Using the *cursor_factory* parameter, a new default cursor factory will be
        used by cursor().
    
        Using *async*=True an asynchronous connection will be created. *async_* is
        a valid alias (for Python versions where ``async`` is a keyword).
    
        Any other keyword parameter will be passed to the underlying client
        library: the list of supported parameters depends on the library version.
    
        """
        kwasync = {}
        if 'async' in kwargs:
            kwasync['async'] = kwargs.pop('async')
        if 'async_' in kwargs:
            kwasync['async_'] = kwargs.pop('async_')
    
        dsn = _ext.make_dsn(dsn, **kwargs)
>       conn = _connect(dsn, connection_factory=connection_factory, **kwasync)
               ^^^^^^^^^^^^^^^^^^^^^^^^^^^^^^^^^^^^^^^^^^^^^^^^^^^^^^^^^^^^^^^
E       sqlalchemy.exc.OperationalError: (psycopg2.OperationalError) connection to server at "localhost" (::1), port 5432 failed: Connection refused (0x0000274D/10061)
E       	Is the server running on that host and accepting TCP/IP connections?
E       connection to server at "localhost" (127.0.0.1), port 5432 failed: Connection refused (0x0000274D/10061)
E       	Is the server running on that host and accepting TCP/IP connections?
E       
E       (Background on this error at: https://sqlalche.me/e/20/e3q8)

..\..\AppData\Local\Programs\Python\Python312\Lib\site-packages\psycopg2\__init__.py:122: OperationalError
=========================== short test summary info ===========================
ERROR tests/test_auth_and_missions.py::test_auth_me_and_missions_happy_path
ERROR tests/test_health.py::test_health_ok - sqlalchemy.exc.OperationalError:...
ERROR tests/test_health.py::test_ready_ok - sqlalchemy.exc.OperationalError: ...
ERROR tests/test_uploads_and_scans.py::test_presign_confirm_and_process_flow
ERROR tests/test_uploads_and_scans.py::test_uploads_confirm_enforces_owner_access
ERROR tests/test_uploads_and_scans.py::test_scan_jobs_object_level_access - s...
4 passed, 6 errors in 7.98s
